{
  "version": "1.5.0",
  "plugins_used": [
    {
      "name": "ArtifactoryDetector"
    },
    {
      "name": "AWSKeyDetector"
    },
    {
      "name": "AzureStorageKeyDetector"
    },
    {
      "name": "Base64HighEntropyString",
      "limit": 4.5
    },
    {
      "name": "BasicAuthDetector"
    },
    {
      "name": "CloudantDetector"
    },
    {
      "name": "DiscordBotTokenDetector"
    },
    {
      "name": "GitHubTokenDetector"
    },
    {
      "name": "GitLabTokenDetector"
    },
    {
      "name": "HexHighEntropyString",
      "limit": 3.0
    },
    {
      "name": "IbmCloudIamDetector"
    },
    {
      "name": "IbmCosHmacDetector"
    },
    {
      "name": "IPPublicDetector"
    },
    {
      "name": "JwtTokenDetector"
    },
    {
      "name": "KeywordDetector",
      "keyword_exclude": ""
    },
    {
      "name": "MailchimpDetector"
    },
    {
      "name": "NpmDetector"
    },
    {
      "name": "OpenAIDetector"
    },
    {
      "name": "PrivateKeyDetector"
    },
    {
      "name": "PypiTokenDetector"
    },
    {
      "name": "SendGridDetector"
    },
    {
      "name": "SlackDetector"
    },
    {
      "name": "SoftlayerDetector"
    },
    {
      "name": "SquareOAuthDetector"
    },
    {
      "name": "StripeDetector"
    },
    {
      "name": "TelegramBotTokenDetector"
    },
    {
      "name": "TwilioKeyDetector"
    }
  ],
  "filters_used": [
    {
      "path": "detect_secrets.filters.allowlist.is_line_allowlisted"
    },
    {
      "path": "detect_secrets.filters.common.is_baseline_file",
      "filename": ".secrets.baseline"
    },
    {
      "path": "detect_secrets.filters.common.is_ignored_due_to_verification_policies",
      "min_level": 2
    },
    {
      "path": "detect_secrets.filters.heuristic.is_indirect_reference"
    },
    {
      "path": "detect_secrets.filters.heuristic.is_likely_id_string"
    },
    {
      "path": "detect_secrets.filters.heuristic.is_lock_file"
    },
    {
      "path": "detect_secrets.filters.heuristic.is_not_alphanumeric_string"
    },
    {
      "path": "detect_secrets.filters.heuristic.is_potential_uuid"
    },
    {
      "path": "detect_secrets.filters.heuristic.is_prefixed_with_dollar_sign"
    },
    {
      "path": "detect_secrets.filters.heuristic.is_sequential_string"
    },
    {
      "path": "detect_secrets.filters.heuristic.is_swagger_file"
    },
    {
      "path": "detect_secrets.filters.heuristic.is_templated_secret"
    },
    {
      "path": "detect_secrets.filters.regex.should_exclude_file",
      "pattern": [
        "pnpm-lock\\.yaml$",
        "\\.env\\.example$"
      ]
    }
  ],
  "results": {
    ".github/workflows/techdocs.yml": [
      {
        "type": "Secret Keyword",
        "filename": ".github/workflows/techdocs.yml",
        "hashed_secret": "3e26d6750975d678acb8fa35a0f69237881576b0",
        "is_verified": false,
        "line_number": 15
      }
    ],
    ".planning/quick/260831-lb9-extrair-camada-de-storage-persist-ncia-l/260831-lb9-PLAN.md": [
      {
        "type": "Hex High Entropy String",
        "filename": ".planning/quick/260831-lb9-extrair-camada-de-storage-persist-ncia-l/260831-lb9-PLAN.md",
        "hashed_secret": "23a1c829be4b1580de058ddb8017cf43dac03eda",
        "is_verified": false,
        "line_number": 459
      },
      {
        "type": "Hex High Entropy String",
        "filename": ".planning/quick/260831-lb9-extrair-camada-de-storage-persist-ncia-l/260831-lb9-PLAN.md",
        "hashed_secret": "65621c9585531fa0bab970d5d2aa1598610b0cd3",
        "is_verified": false,
        "line_number": 459
      },
      {
        "type": "Hex High Entropy String",
        "filename": ".planning/quick/260831-lb9-extrair-camada-de-storage-persist-ncia-l/260831-lb9-PLAN.md",
        "hashed_secret": "67a9cc0859db2f6f4d3d1c05fef06f01f4f1dfa4",
        "is_verified": false,
        "line_number": 459
      },
      {
        "type": "Hex High Entropy String",
        "filename": ".planning/quick/260831-lb9-extrair-camada-de-storage-persist-ncia-l/260831-lb9-PLAN.md",
        "hashed_secret": "b87a0025befb3fa673b692d0e880464637e8ec7f",
        "is_verified": false,
        "line_number": 459
      },
      {
        "type": "Hex High Entropy String",
        "filename": ".planning/quick/260831-lb9-extrair-camada-de-storage-persist-ncia-l/260831-lb9-PLAN.md",
        "hashed_secret": "d517397b8309f2adb8e32913de6a2d16bfac6bb0",
        "is_verified": false,
        "line_number": 459
      }
    ],
    ".planning/quick/260831-lxx-extrair-o-efeito-de-conexao-websocket-li/260831-lxx-PLAN.md": [
      {
        "type": "Hex High Entropy String",
        "filename": ".planning/quick/260831-lxx-extrair-o-efeito-de-conexao-websocket-li/260831-lxx-PLAN.md",
        "hashed_secret": "23a1c829be4b1580de058ddb8017cf43dac03eda",
        "is_verified": false,
        "line_number": 312
      },
      {
        "type": "Hex High Entropy String",
        "filename": ".planning/quick/260831-lxx-extrair-o-efeito-de-conexao-websocket-li/260831-lxx-PLAN.md",
        "hashed_secret": "2c132baf78822bf3f49b879aa87b9cad92b59c83",
        "is_verified": false,
        "line_number": 312
      },
      {
        "type": "Hex High Entropy String",
        "filename": ".planning/quick/260831-lxx-extrair-o-efeito-de-conexao-websocket-li/260831-lxx-PLAN.md",
        "hashed_secret": "67a9cc0859db2f6f4d3d1c05fef06f01f4f1dfa4",
        "is_verified": false,
        "line_number": 312
      },
      {
        "type": "Hex High Entropy String",
        "filename": ".planning/quick/260831-lxx-extrair-o-efeito-de-conexao-websocket-li/260831-lxx-PLAN.md",
        "hashed_secret": "a32493f46c11bafb869a0f8520c649e81b4d2f4e",
        "is_verified": false,
        "line_number": 312
      },
      {
        "type": "Hex High Entropy String",
        "filename": ".planning/quick/260831-lxx-extrair-o-efeito-de-conexao-websocket-li/260831-lxx-PLAN.md",
        "hashed_secret": "b87a0025befb3fa673b692d0e880464637e8ec7f",
        "is_verified": false,
        "line_number": 312
      },
      {
        "type": "Hex High Entropy String",
        "filename": ".planning/quick/260831-lxx-extrair-o-efeito-de-conexao-websocket-li/260831-lxx-PLAN.md",
        "hashed_secret": "65621c9585531fa0bab970d5d2aa1598610b0cd3",
        "is_verified": false,
        "line_number": 502
      },
      {
        "type": "Hex High Entropy String",
        "filename": ".planning/quick/260831-lxx-extrair-o-efeito-de-conexao-websocket-li/260831-lxx-PLAN.md",
        "hashed_secret": "d517397b8309f2adb8e32913de6a2d16bfac6bb0",
        "is_verified": false,
        "line_number": 502
      }
    ],
    "design-system/components/form/Form.stories.tsx": [
      {
        "type": "Secret Keyword",
        "filename": "design-system/components/form/Form.stories.tsx",
        "hashed_secret": "a0f4ea7d91495df92bbac2e2149dfb850fe81396",
        "is_verified": false,
        "line_number": 96
      }
    ]
  },
  "generated_at": "2026-09-08T19:21:57Z"
}
